Microchip MPLAB XC8 Compiler V2.41

Linker command line:

-W-3 \
  --edf=C:\Program Files\Microchip\xc8\v2.41\pic\dat\20230208172133_en.msgs \
  -cn -h+dist/default/production\PIC16F877A_HC05_Bluetooth.X.production.sym \
  --cmf=dist/default/production\PIC16F877A_HC05_Bluetooth.X.production.cmf \
  -z -Q16F877A -oC:\Users\84935\AppData\Local\Temp\xcAsf80.\driver_tmp_3.o \
  --defsym=__MPLAB_BUILD=1 --fixupoverflow=error \
  -Mdist/default/production/PIC16F877A_HC05_Bluetooth.X.production.map \
  --md=C:\Users\84935\AppData\Local\Temp\xcAsf80.\driver_tmp_0.dat -E1 \
  -ver=XC8 Compiler --acfsm=1493 -ACODE=00h-07FFhx4 -ASTRCODE=00h-01FFFh \
  -ASTRING=00h-0FFhx32 -ACONST=00h-0FFhx32 -AENTRY=00h-0FFhx32 \
  -ACOMMON=070h-07Fh -ABANK0=020h-06Fh -ABANK1=0A0h-0EFh \
  -ABANK2=0110h-016Fh -ABANK3=0190h-01EFh \
  -ARAM=020h-06Fh,0A0h-0EFh,0110h-016Fh,0190h-01EFh \
  -AABS1=020h-07Fh,0A0h-0EFh,0110h-016Fh,0190h-01EFh -ASFR0=00h-01Fh \
  -ASFR1=080h-09Fh -ASFR2=0100h-010Fh -ASFR3=0180h-018Fh \
  -ACONFIG=02007h-02007h -DCONFIG=2 -AIDLOC=02000h-02003h -DIDLOC=2 \
  -AEEDATA=00h-0FFh/02100h -peeprom_data=EEDATA -DEEDATA=2 -DCODE=2 \
  -DSTRCODE=2 -DSTRING=2 -DCONST=2 -DENTRY=2 \
  -preset_vec=00h,intentry=04h,init,end_init -ppowerup=CODE -pcinit=CODE \
  -pfunctab=ENTRY -k \
  C:\Users\84935\AppData\Local\Temp\xcAsf80.\driver_tmp_17.o \
  dist/default/production\PIC16F877A_HC05_Bluetooth.X.production.o 

Object code version is 3.11

Machine type is 16F877A



                Name                               Link     Load   Length Selector   Space Scale
C:\Users\84935\AppData\Local\Temp\xcAsf80.\driver_tmp_17.o
                end_init                             10       10        3        8       0
                reset_vec                             0        0        3        0       0
                config                             2007     2007        1        0       4
                idloc                              2000     2000        4        0       5
dist/default/production\PIC16F877A_HC05_Bluetooth.X.production.o
                cinit                                13       13       17        8       0
                intentry                              4        4        C        8       0
                config                             2007     2007        1        0       4
                idloc                              2000     2000        4        0       5
                text12                              23B      23B        6      104       0
                text11                              1F0      1F0       21      104       0
                text10                              19F      19F       30      104       0
                text9                                CA       CA       3A      104       0
                text8                                82       82       48      104       0
                text7                               13C      13C       33      104       0
                text6                               235      235        6      104       0
                text5                               1CF      1CF       21      104       0
                text4                               16F      16F       30      104       0
                text3                               241      241        5      104       0
                text2                               22E      22E        7      104       0
                text1                               211      211       15      104       0
                maintext                            104      104       38      104       0
                cstackBANK0                          32       32        A       20       1
                cstackCOMMON                         70       70        E       70       1
                clrtext                             226      226        8      104       0
                dataBANK0                            3C       3C        2       20       1
                bssBANK0                             20       20       12       20       1
                strings                              2A       2A       58       54       0
                idataBANK0                          246      246        2      104       0

TOTAL           Name                               Link     Load   Length     Space
        CLASS   CODE           
                end_init                             10       10        3         0
                cinit                                13       13       17         0
                intentry                              4        4        C         0
                reset_vec                             0        0        3         0
                text12                              23B      23B        6         0
                text11                              1F0      1F0       21         0
                text10                              19F      19F       30         0
                text9                                CA       CA       3A         0
                text8                                82       82       48         0
                text7                               13C      13C       33         0
                text6                               235      235        6         0
                text5                               1CF      1CF       21         0
                text4                               16F      16F       30         0
                text3                               241      241        5         0
                text2                               22E      22E        7         0
                text1                               211      211       15         0
                maintext                            104      104       38         0
                clrtext                             226      226        8         0
                idataBANK0                          246      246        2         0

        CLASS   STRCODE        

        CLASS   STRING         
                strings                              2A       2A       58         0

        CLASS   CONST          

        CLASS   ENTRY          

        CLASS   COMMON         
                cstackCOMMON                         70       70        E         1

        CLASS   BANK0          
                cstackBANK0                          32       32        A         1
                dataBANK0                            3C       3C        2         1
                bssBANK0                             20       20       12         1

        CLASS   BANK1          

        CLASS   BANK2          

        CLASS   BANK3          

        CLASS   RAM            

        CLASS   ABS1           
                abs_s1                               7E       7E        2         1

        CLASS   SFR0           

        CLASS   SFR1           

        CLASS   SFR2           

        CLASS   SFR3           

        CLASS   CONFIG         
                config                             2007     2007        1         4

        CLASS   IDLOC          
                idloc                              2000     2000        4         5

        CLASS   EEDATA         

        CLASS   STACK          



SEGMENTS        Name                           Load    Length   Top    Selector   Space  Class     Delta

                reset_vec                      000000  000003  000003         0       0  CODE        2
                intentry                       000004  000026  00002A         8       0  CODE        2
                bssBANK0                       000020  00001E  00003E        20       1  BANK0       1
                strings                        00002A  000058  000082        54       0  STRING      2
                cstackCOMMON                   000070  00000E  00007E        70       1  COMMON      1
                text8                          000082  0001C6  000248       104       0  CODE        2


UNUSED ADDRESS RANGES

        Name                Unused          Largest block    Delta
        BANK0            003E-006F             32           1
        BANK1            00A0-00EF             50           1
        BANK2            0110-016F             60           1
        BANK3            0190-01EF             60           1
        CODE             0003-0003              1           2
                         0248-1FFF            800
        CONST            0003-0003              1           2
                         0248-1FFF            100
        EEDATA           2100-21FF            100           2
        ENTRY            0003-0003              1           2
                         0248-1FFF            100
        RAM              003E-006F             32           1
                         00A0-00EF             50
                         0110-016F             60
                         0190-01EF             60
        SFR0             0000-001F             20           1
        SFR1             0080-009F             20           1
        SFR2             0100-010F             10           1
        SFR3             0180-018F             10           1
        STRCODE          0003-0003              1           2
                         0248-1FFF           1DB8
        STRING           0003-0003              1           2
                         0248-1FFF            100

                                  Symbol Table

?_sprintf                  cstackCOMMON 0070
Command_Handling@com       cstackCOMMON 0077
DC_Speed@dutyCycle         cstackBANK0  0035
UART_sendChar@data         cstackBANK0  0032
UART_sendString@str        cstackBANK0  0033
_BRGH                      (abs)        04C2
_CCP1CONbits               (abs)        0017
_CCP1M2                    (abs)        00BA
_CCP1M3                    (abs)        00BB
_CCPR1L                    (abs)        0015
_CREN                      (abs)        00C4
_Command_Handling          text9        00CA
_DC_Speed                  text4        016F
_GIE                       (abs)        005F
_ISR                       text7        013C
_OERR                      (abs)        00C1
_PEIE                      (abs)        005E
_PR2                       (abs)        0092
_PWM_Init                  text3        0241
_RCIE                      (abs)        0465
_RCIF                      (abs)        0065
_RCREG                     (abs)        001A
_RD0                       (abs)        0040
_RD1                       (abs)        0041
_RX9                       (abs)        00C6
_SPBRG                     (abs)        0099
_SPEN                      (abs)        00C7
_SYNC                      (abs)        04C4
_T2CKPS0                   (abs)        0090
_T2CKPS1                   (abs)        0091
_TMR2ON                    (abs)        0092
_TRISC2                    (abs)        043A
_TRISCbits                 (abs)        0087
_TRISD0                    (abs)        0440
_TRISD1                    (abs)        0441
_TX9                       (abs)        04C6
_TXEN                      (abs)        04C5
_TXIF                      (abs)        0064
_TXREG                     (abs)        0019
_Timer2_Init               text2        022E
_UART_Init                 text1        0211
_UART_sendChar             text6        0235
_UART_sendString           text5        01CF
__H__absolute__            __absolute__ 0000
__Habs1                    abs1         0000
__Hbank0                   bank0        0000
__Hbank1                   bank1        0000
__Hbank2                   bank2        0000
__Hbank3                   bank3        0000
__HbssBANK0                bssBANK0     0000
__Hcinit                   cinit        002A
__Hclrtext                 clrtext      0000
__Hcode                    code         0000
__Hcommon                  common       0000
__Hconfig                  config       2008
__HcstackBANK0             cstackBANK0  0000
__HcstackCOMMON            cstackCOMMON 0000
__HdataBANK0               dataBANK0    0000
__Heeprom_data             eeprom_data  0000
__Hend_init                end_init     0013
__Hfunctab                 functab      0000
__HidataBANK0              idataBANK0   0000
__Hidloc                   idloc        2004
__Hinit                    init         0010
__Hintentry                intentry     0010
__Hmaintext                maintext     0000
__Hpowerup                 powerup      0000
__Hram                     ram          0000
__Hreset_vec               reset_vec    0003
__Hsfr0                    sfr0         0000
__Hsfr1                    sfr1         0000
__Hsfr2                    sfr2         0000
__Hsfr3                    sfr3         0000
__Hspace_0                 (abs)        0248
__Hspace_1                 (abs)        007E
__Hspace_2                 (abs)        0000
__Hspace_3                 (abs)        0000
__Hspace_4                 (abs)        400F
__Hstack                   stack        0000
__Hstrings                 strings      0000
__Htext                    text         0000
__L__absolute__            __absolute__ 0000
__Labs1                    abs1         0000
__Lbank0                   bank0        0000
__Lbank1                   bank1        0000
__Lbank2                   bank2        0000
__Lbank3                   bank3        0000
__LbssBANK0                bssBANK0     0000
__Lcinit                   cinit        0013
__Lclrtext                 clrtext      0000
__Lcode                    code         0000
__Lcommon                  common       0000
__Lconfig                  config       0000
__LcstackBANK0             cstackBANK0  0000
__LcstackCOMMON            cstackCOMMON 0000
__LdataBANK0               dataBANK0    0000
__Leeprom_data             eeprom_data  0000
__Lend_init                end_init     0010
__Lfunctab                 functab      0000
__LidataBANK0              idataBANK0   0000
__Lidloc                   idloc        0000
__Linit                    init         0010
__Lintentry                intentry     0004
__Lmaintext                maintext     0000
__Lpowerup                 powerup      0000
__Lram                     ram          0000
__Lreset_vec               reset_vec    0000
__Lsfr0                    sfr0         0000
__Lsfr1                    sfr1         0000
__Lsfr2                    sfr2         0000
__Lsfr3                    sfr3         0000
__Lspace_0                 (abs)        0000
__Lspace_1                 (abs)        0000
__Lspace_2                 (abs)        0000
__Lspace_3                 (abs)        0000
__Lspace_4                 (abs)        0000
__Lstack                   stack        0000
__Lstrings                 strings      0000
__Ltext                    text         0000
__S0                       (abs)        0248
__S1                       (abs)        007E
__S3                       (abs)        0000
___int_sp                  stack        0000
___latbits                 (abs)        0002
___sp                      stack        0000
___stackhi                 (abs)        0000
___stacklo                 (abs)        0000
__end_of_Command_Handling  text9        0104
__end_of_DC_Speed          text4        019F
__end_of_ISR               text7        016F
__end_of_PWM_Init          text3        0246
__end_of_Timer2_Init       text2        0235
__end_of_UART_Init         text1        0226
__end_of_UART_sendChar     text6        023B
__end_of_UART_sendString   text5        01F0
__end_of__initialization   cinit        0026
__end_of__stringtab        strings      003A
__end_of_main              maintext     013C
__end_of_sprintf           text8        00CA
__end_ofi1_DC_Speed        text10       01CF
__end_ofi1_UART_sendChar   text12       0241
__end_ofi1_UART_sendString text11       0211
__initialization           cinit        0013
__pbssBANK0                bssBANK0     0020
__pcstackBANK0             cstackBANK0  0032
__pcstackCOMMON            cstackCOMMON 0070
__pdataBANK0               dataBANK0    003C
__pidataBANK0              idataBANK0   0246
__pintentry                intentry     0004
__pmaintext                maintext     0104
__pstrings                 strings      002A
__ptext1                   text1        0211
__ptext10                  text10       019F
__ptext11                  text11       01F0
__ptext12                  text12       023B
__ptext2                   text2        022E
__ptext3                   text3        0241
__ptext4                   text4        016F
__ptext5                   text5        01CF
__ptext6                   text6        0235
__ptext7                   text7        013C
__ptext8                   text8        0082
__ptext9                   text9        00CA
__stringbase               strings      0039
__stringtab                strings      002A
_command                   bssBANK0     0020
_dc                        dataBANK0    003C
_main                      maintext     0104
_rcvStr                    bssBANK0     0021
_sprintf                   text8        0082
btemp                      (abs)        007E
clear_ram0                 clrtext      0226
end_of_initialization      cinit        0026
i1DC_Speed@dutyCycle       cstackCOMMON 0073
i1UART_sendChar@data       cstackCOMMON 0070
i1UART_sendString@str      cstackCOMMON 0071
i1_DC_Speed                text10       019F
i1_UART_sendChar           text12       023B
i1_UART_sendString         text11       01F0
interrupt_function         intentry     0004
intlevel0                  functab      0000
intlevel1                  functab      0000
intlevel2                  functab      0000
intlevel3                  functab      0000
intlevel4                  functab      0000
intlevel5                  functab      0000
reset_vec                  reset_vec    0000
saved_w                    (abs)        007E
sprintf@ap                 cstackCOMMON 0075
sprintf@c                  cstackCOMMON 0076
sprintf@f                  cstackCOMMON 0070
sprintf@sp                 cstackCOMMON 0077
start                      init         0010
start_initialization       cinit        0013
wtemp0                     (abs)        007E


MODULE INFORMATION

Module		Function		Class		Link	Load	Size
UART.c
		_UART_sendString		CODE           	01CF	0000	33
		_UART_Init     		CODE           	0211	0000	21
		_UART_sendChar 		CODE           	0235	0000	6

UART.c estimated size: 60

shared
		__stringtab    		STRING         	002A	0000	16
		i1_DC_Speed    		CODE           	019F	0000	48
		__initialization		CODE           	0013	0000	19
		i1_UART_sendString		CODE           	01F0	0000	33
		i1_UART_sendChar		CODE           	023B	0000	6

shared estimated size: 122

C:\Program Files\Microchip\xc8\v2.41\pic\sources\c90\common\doprnt.c
		_sprintf       		CODE           	0082	0000	72

C:\Program Files\Microchip\xc8\v2.41\pic\sources\c90\common\doprnt.c estimated size: 72

HC05_Bluetooth.c
		_ISR           		CODE           	013C	0000	51
		_main          		CODE           	0104	0000	56
		_Command_Handling		CODE           	00CA	0000	58
		_Timer2_Init   		CODE           	022E	0000	7
		_PWM_Init      		CODE           	0241	0000	5
		_DC_Speed      		CODE           	016F	0000	48

HC05_Bluetooth.c estimated size: 225

